

Mon Feb 16 13:29:40 2026
Command line: TestDisk

TestDisk 7.2, Data Recovery Utility, February 2024
Christophe GRENIER <grenier@cgsecurity.org>
https://www.cgsecurity.org
OS: Linux, kernel 6.18.9-zen1-2-zen (#1 ZEN SMP PREEMPT_DYNAMIC Mon, 09 Feb 2026 17:45:06 +0000) x86_64
Compiler: GCC 14.2
ext2fs lib: 1.47.3, ntfs lib: libntfs-3g, reiserfs lib: none, ewf lib: none, curses lib: ncurses 6.5
/dev/sda: LBA, LBA48, DCO support
/dev/sda: size       1953525168 sectors
/dev/sda: user_max   1953525168 sectors
/dev/sda: dco        1953525168 sectors
Warning: can't get size for Disk /dev/mapper/control - 0 B - 0 sectors, sector size=512
Hard disk list
Disk /dev/sda - 1000 GB / 931 GiB - CHS 121601 255 63, sector size=512 - TOSHIBA DT01ACA1, FW:A8L0

Partition table type (auto): EFI GPT
Disk /dev/sda - 1000 GB / 931 GiB - TOSHIBA DT01ACA1
Partition table type: EFI GPT

Interface Advanced
hdr_size=92
hdr_lba_self=1
hdr_lba_alt=1953525167 (expected 1953525167)
hdr_lba_start=34
hdr_lba_end=1953525134
hdr_lba_table=2
hdr_entries=128
hdr_entsz=128
check_part_gpt failed for partition
 2 P MS Reserved               206848     239615      32768 [Microsoft reserved partition]
 1 P EFI System                  2048     206847     204800 [EFI system partition]
 2 P MS Reserved               206848     239615      32768 [Microsoft reserved partition]
 3 P MS Data                   239616 1321099263 1320859648 [Basic data partition] [Windows]
     NTFS, blocksize=4096, 676 GB / 629 GiB
 4 P MS Data               1321099264 1530814463  209715200 [Basic data partition]
     ext4 blocksize=4096 Large_file Sparse_SB, 107 GB / 100 GiB
 5 P MS Data               1530814464 1740527615  209713152 [Basic data partition] [AquaOS]
     NTFS, blocksize=4096, 107 GB / 99 GiB
 6 P Linux filesys. data   1740529664 1953521663  212992000 [Basic data partition]


dir_partition inode=2
 6 P Linux filesys. data   1740529664 1953521663  212992000 [Basic data partition]
Directory /
       2 drwxr-xr-x     0      0      4096 15-Feb-2026 12:17 .
       2 drwxr-xr-x     0      0      4096 15-Feb-2026 12:17 ..
      11 drwx------     0      0     16384 14-Feb-2026 15:52 lost+found
 1441793 drwxr-xr-x     0      0      4096 16-Feb-2026 08:47 var
 3014657 drwxr-xr-x     0      0      4096 16-Feb-2026 13:26 etc
 1572865 dr-xr-xr-x     0      0      4096 14-Feb-2026 15:53 run
 2752513 dr-xr-xr-x     0      0      4096 14-Feb-2026 15:53 dev
 3145729 dr-xr-xr-x     0      0      4096 14-Feb-2026 15:53 sys
 3670017 dr-xr-xr-x     0      0      4096 14-Feb-2026 15:53 proc
  393217 drwxrwxrwt     0      0      4096 14-Feb-2026 15:53 tmp
 4587521 drwxr-xr-x     0      0      4096 16-Feb-2026 13:26 usr
      13 lrwxrwxrwx     0      0         7 12-Oct-2025 11:21 bin
 4849665 drwxr-xr-x     0      0      4096 15-Feb-2026 09:56 boot
 4718593 drwxr-xr-x     0      0      4096 15-Feb-2026 12:18 home
      14 lrwxrwxrwx     0      0         7 12-Oct-2025 11:21 lib
      15 lrwxrwxrwx     0      0         7 12-Oct-2025 11:21 lib64
 3407873 drwxr-xr-x     0      0      4096 15-Feb-2026 11:48 mnt
 4980737 drwxr-xr-x     0      0      4096 15-Feb-2026 10:10 opt
 5111809 drwxr-x---     0      0      4096 14-Feb-2026 16:06 root
      16 lrwxrwxrwx     0      0         7 12-Oct-2025 11:21 sbin
 1310721 drwxr-xr-x     0      0      4096 14-Feb-2026 15:53 srv
 1703937 drwxr-xr-x     0      0      4096 14-Feb-2026 16:07 efi

dir_partition inode=4718593
 6 P Linux filesys. data   1740529664 1953521663  212992000 [Basic data partition]
Directory /home
 4718593 drwxr-xr-x     0      0      4096 15-Feb-2026 12:18 .
       2 drwxr-xr-x     0      0      4096 15-Feb-2026 12:17 ..
 4719862 drwx------  1000   1000      4096 16-Feb-2026 11:23 cris

dir_partition inode=4719862
 6 P Linux filesys. data   1740529664 1953521663  212992000 [Basic data partition]
Directory /home/cris
 4719862 drwx------  1000   1000      4096 16-Feb-2026 11:23 .
 4718593 drwxr-xr-x     0      0      4096 15-Feb-2026 12:18 ..
 4719863 -rw-r--r--  1000   1000        57 10-Dec-2025 17:02 .bash_profile
 4719864 -rw-r--r--  1000   1000        21 10-Dec-2025 17:02 .bash_logout
 4719865 -rw-r--r--  1000   1000       172 10-Dec-2025 17:02 .bashrc
 4885749 drwx------  1000   1000      4096 14-Feb-2026 16:07 .local
 4885753 drwx------  1000   1000      4096 15-Feb-2026 10:35 .cache
 4885755 drwx------  1000   1000      4096 15-Feb-2026 10:35 .config
 4993040 drwxr-xr-x  1000   1000      4096 15-Feb-2026 13:08 aqua
 5130823 drwx------  1000   1000      4096 15-Feb-2026 09:49 .pki
 5256518 drwx------  1000   1000      4096 15-Feb-2026 10:04 .ssh
 5256519 drwx------  1000   1000      4096 15-Feb-2026 10:04 .gnupg
 4993053 drwxr-xr-x  1000   1000      4096 15-Feb-2026 13:09 Musl-LFS
 4754629 -rw-r--r--  1000   1000       848 15-Feb-2026 13:13 .wget-hsts
 5125485 drwxr-xr-x  1000   1000      4096 16-Feb-2026 13:29 netbsd-userland
 4891172 drwxr-xr-x  1000   1000      4096 15-Feb-2026 16:51 chimerautils
 4999585 drwxr-xr-x  1000   1000      4096 14-Feb-2026 16:10 Escritorio
 5000509 drwxr-xr-x  1000   1000      4096 16-Feb-2026 13:23 Descargas
 5000510 drwxr-xr-x  1000   1000      4096 14-Feb-2026 16:10 Plantillas
 5000511 drwxr-xr-x  1000   1000      4096 14-Feb-2026 16:10 Público
 5000512 drwxr-xr-x  1000   1000      4096 14-Feb-2026 16:10 Documentos
 5000513 drwxr-xr-x  1000   1000      4096 14-Feb-2026 16:10 Música
 5000514 drwxr-xr-x  1000   1000      4096 14-Feb-2026 16:10 Imágenes
 5000515 drwxr-xr-x  1000   1000      4096 14-Feb-2026 16:10 Vídeos
 4754188 -rw-------  1000   1000      6110 16-Feb-2026 11:23 .bash_history

dir_partition inode=5125485
 6 P Linux filesys. data   1740529664 1953521663  212992000 [Basic data partition]
Directory /home/cris/netbsd-userland
 5125485 drwxr-xr-x  1000   1000      4096 16-Feb-2026 13:29 .
 4719862 drwx------  1000   1000      4096 16-Feb-2026 11:23 ..
 5676311 drwxr-xr-x  1000   1000      4096 15-Feb-2026 13:52 .project
 5134971 lrwxrwxrwx  1000   1000        14 15-Feb-2026 13:59 include
 5139120 -rw-r--r--  1000   1000       419 16-Feb-2026 12:22 GNUmakefile
 5139353 drwxr-xr-x  1000   1000      4096 16-Feb-2026 11:17 man
 5139704 -rw-r--r--     0      0       397 16-Feb-2026 13:29 testdisk.log
 5127347 drwxr-xr-x  1000   1000      4096 16-Feb-2026 13:20 bin
 5133437 drwxr-xr-x  1000   1000      4096 16-Feb-2026 10:48 patches
 5135966 drwxr-xr-x  1000   1000      4096 15-Feb-2026 13:59 compat
 5281580 drwxr-xr-x  1000   1000      4096 16-Feb-2026 12:10 lib
 5414249 drwxr-xr-x  1000   1000      4096 15-Feb-2026 13:41 sbin
 5679609 drwxr-xr-x  1000   1000      4096 15-Feb-2026 13:41 usr.bin
 5679612 drwxr-xr-x  1000   1000      4096 15-Feb-2026 13:41 usr.sbin

dir_partition inode=5135966
 6 P Linux filesys. data   1740529664 1953521663  212992000 [Basic data partition]
Directory /home/cris/netbsd-userland/compat
 5135966 drwxr-xr-x  1000   1000      4096 15-Feb-2026 13:59 .
 5125485 drwxr-xr-x  1000   1000      4096 16-Feb-2026 13:29 ..
 5127341 lrwxrwxrwx  1000   1000        16 15-Feb-2026 13:59 libcompat
 5127345 drwxr-xr-x  1000   1000      4096 16-Feb-2026 13:22 include

dir_partition inode=5127345
 6 P Linux filesys. data   1740529664 1953521663  212992000 [Basic data partition]
Directory /home/cris/netbsd-userland/compat/include
 5127345 drwxr-xr-x  1000   1000      4096 16-Feb-2026 13:22 .
 5135966 drwxr-xr-x  1000   1000      4096 15-Feb-2026 13:59 ..
 5139394 -rw-r--r--  1000   1000      4190 16-Feb-2026 12:08 tzfile.h
 5139530 -rw-r--r--  1000   1000       239 16-Feb-2026 13:14 util.h
 5139527 -rw-r--r--  1000   1000      4588 16-Feb-2026 13:01 vis.h
 5139165 drwxr-xr-x  1000   1000      4096 16-Feb-2026 13:19 sys
SIGINT detected! PhotoRec has been killed.
Directory /home/cris/netbsd-userland/compat
 5135966 drwxr-xr-x  1000   1000      4096 15-Feb-2026 13:59 .
 5125485 drwxr-xr-x  1000   1000      4096 16-Feb-2026 13:29 ..
 5127341 lrwxrwxrwx  1000   1000        16 15-Feb-2026 13:59 libcompat
 5127345 drwxr-xr-x  1000   1000      4096 16-Feb-2026 13:22 include
Directory /home/cris/netbsd-userland
 5125485 drwxr-xr-x  1000   1000      4096 16-Feb-2026 13:29 .
 4719862 drwx------  1000   1000      4096 16-Feb-2026 11:23 ..
 5676311 drwxr-xr-x  1000   1000      4096 15-Feb-2026 13:52 .project
 5134971 lrwxrwxrwx  1000   1000        14 15-Feb-2026 13:59 include
 5139120 -rw-r--r--  1000   1000       419 16-Feb-2026 12:22 GNUmakefile
 5139353 drwxr-xr-x  1000   1000      4096 16-Feb-2026 11:17 man
 5139704 -rw-r--r--     0      0       397 16-Feb-2026 13:29 testdisk.log
 5127347 drwxr-xr-x  1000   1000      4096 16-Feb-2026 13:20 bin
 5133437 drwxr-xr-x  1000   1000      4096 16-Feb-2026 10:48 patches
 5135966 drwxr-xr-x  1000   1000      4096 15-Feb-2026 13:59 compat
 5281580 drwxr-xr-x  1000   1000      4096 16-Feb-2026 12:10 lib
 5414249 drwxr-xr-x  1000   1000      4096 15-Feb-2026 13:41 sbin
 5679609 drwxr-xr-x  1000   1000      4096 15-Feb-2026 13:41 usr.bin
 5679612 drwxr-xr-x  1000   1000      4096 15-Feb-2026 13:41 usr.sbin
Directory /home/cris
 4719862 drwx------  1000   1000      4096 16-Feb-2026 11:23 .
 4718593 drwxr-xr-x     0      0      4096 15-Feb-2026 12:18 ..
 4719863 -rw-r--r--  1000   1000        57 10-Dec-2025 17:02 .bash_profile
 4719864 -rw-r--r--  1000   1000        21 10-Dec-2025 17:02 .bash_logout
 4719865 -rw-r--r--  1000   1000       172 10-Dec-2025 17:02 .bashrc
 4885749 drwx------  1000   1000      4096 14-Feb-2026 16:07 .local
 4885753 drwx------  1000   1000      4096 15-Feb-2026 10:35 .cache
 4885755 drwx------  1000   1000      4096 15-Feb-2026 10:35 .config
 4993040 drwxr-xr-x  1000   1000      4096 15-Feb-2026 13:08 aqua
 5130823 drwx------  1000   1000      4096 15-Feb-2026 09:49 .pki
 5256518 drwx------  1000   1000      4096 15-Feb-2026 10:04 .ssh
 5256519 drwx------  1000   1000      4096 15-Feb-2026 10:04 .gnupg
 4993053 drwxr-xr-x  1000   1000      4096 15-Feb-2026 13:09 Musl-LFS
 4754629 -rw-r--r--  1000   1000       848 15-Feb-2026 13:13 .wget-hsts
 5125485 drwxr-xr-x  1000   1000      4096 16-Feb-2026 13:29 netbsd-userland
 4891172 drwxr-xr-x  1000   1000      4096 15-Feb-2026 16:51 chimerautils
 4999585 drwxr-xr-x  1000   1000      4096 14-Feb-2026 16:10 Escritorio
 5000509 drwxr-xr-x  1000   1000      4096 16-Feb-2026 13:23 Descargas
 5000510 drwxr-xr-x  1000   1000      4096 14-Feb-2026 16:10 Plantillas
 5000511 drwxr-xr-x  1000   1000      4096 14-Feb-2026 16:10 Público
 5000512 drwxr-xr-x  1000   1000      4096 14-Feb-2026 16:10 Documentos
 5000513 drwxr-xr-x  1000   1000      4096 14-Feb-2026 16:10 Música
 5000514 drwxr-xr-x  1000   1000      4096 14-Feb-2026 16:10 Imágenes
 5000515 drwxr-xr-x  1000   1000      4096 14-Feb-2026 16:10 Vídeos
 4754188 -rw-------  1000   1000      6110 16-Feb-2026 11:23 .bash_history
Directory /home
 4718593 drwxr-xr-x     0      0      4096 15-Feb-2026 12:18 .
       2 drwxr-xr-x     0      0      4096 15-Feb-2026 12:17 ..
 4719862 drwx------  1000   1000      4096 16-Feb-2026 11:23 cris
Directory /
       2 drwxr-xr-x     0      0      4096 15-Feb-2026 12:17 .
       2 drwxr-xr-x     0      0      4096 15-Feb-2026 12:17 ..
      11 drwx------     0      0     16384 14-Feb-2026 15:52 lost+found
 1441793 drwxr-xr-x     0      0      4096 16-Feb-2026 08:47 var
 3014657 drwxr-xr-x     0      0      4096 16-Feb-2026 13:26 etc
 1572865 dr-xr-xr-x     0      0      4096 14-Feb-2026 15:53 run
 2752513 dr-xr-xr-x     0      0      4096 14-Feb-2026 15:53 dev
 3145729 dr-xr-xr-x     0      0      4096 14-Feb-2026 15:53 sys
 3670017 dr-xr-xr-x     0      0      4096 14-Feb-2026 15:53 proc
  393217 drwxrwxrwt     0      0      4096 14-Feb-2026 15:53 tmp
 4587521 drwxr-xr-x     0      0      4096 16-Feb-2026 13:26 usr
      13 lrwxrwxrwx     0      0         7 12-Oct-2025 11:21 bin
 4849665 drwxr-xr-x     0      0      4096 15-Feb-2026 09:56 boot
 4718593 drwxr-xr-x     0      0      4096 15-Feb-2026 12:18 home
      14 lrwxrwxrwx     0      0         7 12-Oct-2025 11:21 lib
      15 lrwxrwxrwx     0      0         7 12-Oct-2025 11:21 lib64
 3407873 drwxr-xr-x     0      0      4096 15-Feb-2026 11:48 mnt
 4980737 drwxr-xr-x     0      0      4096 15-Feb-2026 10:10 opt
 5111809 drwxr-x---     0      0      4096 14-Feb-2026 16:06 root
      16 lrwxrwxrwx     0      0         7 12-Oct-2025 11:21 sbin
 1310721 drwxr-xr-x     0      0      4096 14-Feb-2026 15:53 srv
 1703937 drwxr-xr-x     0      0      4096 14-Feb-2026 16:07 efi

TestDisk exited normally.
